================================================================================
PROPINSIGHT DANUBE2 FINETUNING - TRAINING LOG
================================================================================

Training Start: 2025-10-26T01:19:00.341575
Training End:   2025-10-26T02:30:27.950380
Total Duration: 1h 11m 27s
Quick Test Mode: False

--------------------------------------------------------------------------------
CONFIGURATION
--------------------------------------------------------------------------------
Model ID: h2oai/danube2-singlish-finetuned
Train Samples: 2825
Val Samples: 314
Test Samples: 554
Epochs: 3
Max Length: 2048
Learning Rate: 0.0002
Batch Size: 1
Gradient Accumulation: 16
Effective Batch Size: 16

--------------------------------------------------------------------------------
LORA CONFIGURATION
--------------------------------------------------------------------------------
LoRA r: 16
LoRA alpha: 32
LoRA dropout: 0.05
Target modules: v_proj, gate_proj, o_proj, k_proj, q_proj, down_proj, up_proj

--------------------------------------------------------------------------------
TRAINING PROGRESS (STEP-BY-STEP)
--------------------------------------------------------------------------------

[Step     5] Epoch: 0.03 | Train Loss: 7.468400 | LR: 5.00e-05
[Step    10] Epoch: 0.06 | Train Loss: 7.600600 | LR: 1.13e-04
[Step    15] Epoch: 0.08 | Train Loss: 7.046700 | LR: 1.75e-04
[Step    20] Epoch: 0.11 | Train Loss: 7.213100 | LR: 2.00e-04
[Step    25] Epoch: 0.14 | Train Loss: 7.636800 | LR: 2.00e-04
[Step    30] Epoch: 0.17 | Train Loss: 7.714000 | LR: 2.00e-04
[Step    35] Epoch: 0.20 | Train Loss: 7.071400 | LR: 1.99e-04
[Step    40] Epoch: 0.23 | Train Loss: 7.049100 | LR: 1.99e-04
[Step    45] Epoch: 0.25 | Train Loss: 6.871700 | LR: 1.99e-04
[Step    50] Epoch: 0.28 | Train Loss: 7.119100 | LR: 1.98e-04
[Step    50] >>> EVAL <<< | Val Loss: 7.115824 | Runtime: 42.81s
[Step    55] Epoch: 0.31 | Train Loss: 7.141100 | LR: 1.97e-04
[Step    60] Epoch: 0.34 | Train Loss: 6.816600 | LR: 1.97e-04
[Step    65] Epoch: 0.37 | Train Loss: 7.049700 | LR: 1.96e-04
[Step    70] Epoch: 0.40 | Train Loss: 6.942800 | LR: 1.95e-04
[Step    75] Epoch: 0.42 | Train Loss: 6.842800 | LR: 1.94e-04
[Step    80] Epoch: 0.45 | Train Loss: 6.847500 | LR: 1.93e-04
[Step    85] Epoch: 0.48 | Train Loss: 6.769600 | LR: 1.92e-04
[Step    90] Epoch: 0.51 | Train Loss: 7.125300 | LR: 1.90e-04
[Step    95] Epoch: 0.54 | Train Loss: 7.171100 | LR: 1.89e-04
[Step   100] Epoch: 0.57 | Train Loss: 7.397900 | LR: 1.87e-04
[Step   100] >>> EVAL <<< | Val Loss: 7.106957 | Runtime: 42.88s
[Step   105] Epoch: 0.59 | Train Loss: 6.729600 | LR: 1.86e-04
[Step   110] Epoch: 0.62 | Train Loss: 7.085600 | LR: 1.84e-04
[Step   115] Epoch: 0.65 | Train Loss: 7.207600 | LR: 1.83e-04
[Step   120] Epoch: 0.68 | Train Loss: 6.983300 | LR: 1.81e-04
[Step   125] Epoch: 0.71 | Train Loss: 7.185300 | LR: 1.79e-04
[Step   130] Epoch: 0.74 | Train Loss: 7.377000 | LR: 1.77e-04
[Step   135] Epoch: 0.76 | Train Loss: 7.218500 | LR: 1.75e-04
[Step   140] Epoch: 0.79 | Train Loss: 7.263500 | LR: 1.73e-04
[Step   145] Epoch: 0.82 | Train Loss: 6.931200 | LR: 1.71e-04
[Step   150] Epoch: 0.85 | Train Loss: 7.347600 | LR: 1.69e-04
[Step   150] >>> EVAL <<< | Val Loss: 7.102293 | Runtime: 42.99s
[Step   155] Epoch: 0.88 | Train Loss: 7.276600 | LR: 1.67e-04
[Step   160] Epoch: 0.91 | Train Loss: 7.347000 | LR: 1.64e-04
[Step   165] Epoch: 0.93 | Train Loss: 7.538900 | LR: 1.62e-04
[Step   170] Epoch: 0.96 | Train Loss: 7.249500 | LR: 1.60e-04
[Step   175] Epoch: 0.99 | Train Loss: 7.773200 | LR: 1.57e-04
[Step   180] Epoch: 1.02 | Train Loss: 7.481400 | LR: 1.55e-04
[Step   185] Epoch: 1.05 | Train Loss: 7.085900 | LR: 1.52e-04
[Step   190] Epoch: 1.07 | Train Loss: 6.901500 | LR: 1.49e-04
[Step   195] Epoch: 1.10 | Train Loss: 7.357500 | LR: 1.47e-04
[Step   200] Epoch: 1.13 | Train Loss: 6.882500 | LR: 1.44e-04
[Step   200] >>> EVAL <<< | Val Loss: 7.098671 | Runtime: 43.14s
[Step   205] Epoch: 1.16 | Train Loss: 7.428200 | LR: 1.41e-04
[Step   210] Epoch: 1.19 | Train Loss: 7.343500 | LR: 1.38e-04
[Step   215] Epoch: 1.22 | Train Loss: 7.053500 | LR: 1.36e-04
[Step   220] Epoch: 1.24 | Train Loss: 6.881800 | LR: 1.33e-04
[Step   225] Epoch: 1.27 | Train Loss: 7.139300 | LR: 1.30e-04
[Step   230] Epoch: 1.30 | Train Loss: 7.619000 | LR: 1.27e-04
[Step   235] Epoch: 1.33 | Train Loss: 6.893400 | LR: 1.24e-04
[Step   240] Epoch: 1.36 | Train Loss: 6.933300 | LR: 1.21e-04
[Step   245] Epoch: 1.39 | Train Loss: 7.030500 | LR: 1.18e-04
[Step   250] Epoch: 1.41 | Train Loss: 7.352800 | LR: 1.15e-04
[Step   250] >>> EVAL <<< | Val Loss: 7.096321 | Runtime: 42.96s
[Step   255] Epoch: 1.44 | Train Loss: 7.130700 | LR: 1.12e-04
[Step   260] Epoch: 1.47 | Train Loss: 7.352100 | LR: 1.09e-04
[Step   265] Epoch: 1.50 | Train Loss: 7.156100 | LR: 1.06e-04
[Step   270] Epoch: 1.53 | Train Loss: 7.109600 | LR: 1.03e-04
[Step   275] Epoch: 1.56 | Train Loss: 7.426700 | LR: 9.97e-05
[Step   280] Epoch: 1.58 | Train Loss: 7.236200 | LR: 9.66e-05
[Step   285] Epoch: 1.61 | Train Loss: 7.250700 | LR: 9.36e-05
[Step   290] Epoch: 1.64 | Train Loss: 7.401100 | LR: 9.06e-05
[Step   295] Epoch: 1.67 | Train Loss: 6.668500 | LR: 8.75e-05
[Step   300] Epoch: 1.70 | Train Loss: 7.191200 | LR: 8.45e-05
[Step   300] >>> EVAL <<< | Val Loss: 7.094069 | Runtime: 43.11s
[Step   305] Epoch: 1.72 | Train Loss: 7.183500 | LR: 8.15e-05
[Step   310] Epoch: 1.75 | Train Loss: 6.940200 | LR: 7.85e-05
[Step   315] Epoch: 1.78 | Train Loss: 7.349200 | LR: 7.55e-05
[Step   320] Epoch: 1.81 | Train Loss: 6.818400 | LR: 7.26e-05
[Step   325] Epoch: 1.84 | Train Loss: 7.449500 | LR: 6.97e-05
[Step   330] Epoch: 1.87 | Train Loss: 6.927100 | LR: 6.68e-05
[Step   335] Epoch: 1.89 | Train Loss: 7.199300 | LR: 6.39e-05
[Step   340] Epoch: 1.92 | Train Loss: 6.976500 | LR: 6.11e-05
[Step   345] Epoch: 1.95 | Train Loss: 6.783100 | LR: 5.83e-05
[Step   350] Epoch: 1.98 | Train Loss: 7.268500 | LR: 5.56e-05
[Step   350] >>> EVAL <<< | Val Loss: 7.092199 | Runtime: 42.97s
[Step   355] Epoch: 2.01 | Train Loss: 6.765500 | LR: 5.28e-05
[Step   360] Epoch: 2.03 | Train Loss: 6.984400 | LR: 5.02e-05
[Step   365] Epoch: 2.06 | Train Loss: 6.938600 | LR: 4.76e-05
[Step   370] Epoch: 2.09 | Train Loss: 6.706700 | LR: 4.50e-05
[Step   375] Epoch: 2.12 | Train Loss: 6.685700 | LR: 4.25e-05
[Step   380] Epoch: 2.15 | Train Loss: 7.010000 | LR: 4.00e-05
[Step   385] Epoch: 2.18 | Train Loss: 6.551000 | LR: 3.76e-05
[Step   390] Epoch: 2.20 | Train Loss: 7.257400 | LR: 3.52e-05
[Step   395] Epoch: 2.23 | Train Loss: 7.094600 | LR: 3.29e-05
[Step   400] Epoch: 2.26 | Train Loss: 7.276800 | LR: 3.07e-05
[Step   400] >>> EVAL <<< | Val Loss: 7.094648 | Runtime: 42.88s
[Step   405] Epoch: 2.29 | Train Loss: 7.163700 | LR: 2.85e-05
[Step   410] Epoch: 2.32 | Train Loss: 7.200200 | LR: 2.64e-05
[Step   415] Epoch: 2.35 | Train Loss: 7.355600 | LR: 2.44e-05
[Step   420] Epoch: 2.37 | Train Loss: 6.969300 | LR: 2.24e-05
[Step   425] Epoch: 2.40 | Train Loss: 6.785200 | LR: 2.06e-05
[Step   430] Epoch: 2.43 | Train Loss: 7.560400 | LR: 1.87e-05
[Step   435] Epoch: 2.46 | Train Loss: 7.085200 | LR: 1.70e-05
[Step   440] Epoch: 2.49 | Train Loss: 6.983700 | LR: 1.53e-05
[Step   445] Epoch: 2.52 | Train Loss: 7.047800 | LR: 1.38e-05
[Step   450] Epoch: 2.54 | Train Loss: 6.942200 | LR: 1.23e-05
[Step   450] >>> EVAL <<< | Val Loss: 7.093674 | Runtime: 42.92s
[Step   455] Epoch: 2.57 | Train Loss: 7.369000 | LR: 1.08e-05
[Step   460] Epoch: 2.60 | Train Loss: 6.740800 | LR: 9.49e-06
[Step   465] Epoch: 2.63 | Train Loss: 6.799700 | LR: 8.24e-06
[Step   470] Epoch: 2.66 | Train Loss: 7.704900 | LR: 7.07e-06
[Step   475] Epoch: 2.69 | Train Loss: 7.514300 | LR: 5.98e-06
[Step   480] Epoch: 2.71 | Train Loss: 7.024400 | LR: 4.99e-06
[Step   485] Epoch: 2.74 | Train Loss: 7.379900 | LR: 4.08e-06
[Step   490] Epoch: 2.77 | Train Loss: 7.250000 | LR: 3.26e-06
[Step   495] Epoch: 2.80 | Train Loss: 6.797800 | LR: 2.54e-06
[Step   500] Epoch: 2.83 | Train Loss: 7.279700 | LR: 1.90e-06
[Step   500] >>> EVAL <<< | Val Loss: 7.093626 | Runtime: 43.33s

--------------------------------------------------------------------------------
TRAINING SUMMARY
--------------------------------------------------------------------------------
Total Steps: 500
Final Train Loss: 7.138362075805664
Best Metric: 7.092198848724365
Best Checkpoint: /content/drive/MyDrive/PropInsight/models/finetuned/_Danube2/checkpoint-350
Samples/Second: 1.98
Steps/Second: 0.12
